// Jest Snapshot v1, https://goo.gl/fbAQLP

exports[`Header should match snapshot with cart count default value by props 1`] = `
<div>
  <header
    class="sc-bdvvtL cKpnYO"
  >
    <a
      class="brand"
      href="/"
    >
      <h4>
        Mobile devices shop
      </h4>
    </a>
    <div
      class="cart"
    >
      <p>
        Items in your cart
      </p>
      <div
        class="cart-count"
      >
        0
      </div>
    </div>
  </header>
</div>
`;

exports[`Header should match snapshot with cart count passed by props 1`] = `
<div>
  <header
    class="sc-bdvvtL cKpnYO"
  >
    <a
      class="brand"
      href="/"
    >
      <h4>
        Mobile devices shop
      </h4>
    </a>
    <div
      class="cart"
    >
      <p>
        Items in your cart
      </p>
      <div
        class="cart-count"
      >
        10
      </div>
    </div>
  </header>
</div>
`;
